Loading unpacked extension from: C:\Users\stake\githubproject\adlottery\extension
Navigating to http://localhost:3000...
Looking for Booster Mode card...
笶・Could not find Booster Mode card on page.
Closing browser...
